-----BEGIN CERTIFICATE-----
YW53YXJcYW53YXJfbTl2c201dw0KdnIgMTMtMTAtMjAyMyAxMDowMzo1NCw5MCAN
Ci0tLS0tLS0tLS0tLS0tLS0tLS0tLS0tLS0tLS0tLS0tLS0tLS0tLS0tLS0tLS0t
LS0gDQpVc2VyIFN0b3JpZXMgKFRlc3RzXEZlYXR1cmVcVXNlclN0b3JpZXMpCiBb
eF0gUkVRMiBQdWJsaWNDYXRlZ29yeVBhZ2UKIFt4XSBSRVE0IERpc2NvdW50ZWRQ
cmljZU9uTW9kZWwKIFt4XSBSRVE0IERpc2NvdW50ZWRQcmljZUluSFRNTAogW3hd
IFJFUTYgT3JkZXJTdGF0dXNFeGlzdHMKIFt4XSBSRVE3IE9yZGVyU3RhdHVzQ2hh
bmdlcwogWyBdIFJFUTkgUHJvZHVjdEVkaXRIYXNEaXNjb3VudAogW3hdIFJFUTEw
IFByb2R1Y3RFZGl0Q29udGFpbnNDYXRlZ29yeQogW3hdIFJFUTExYSBDYXRlZ29y
eVBhZ2VIYXNQcm9kdWN0cwoKLS0tLS0tLS0tLS0tLS0tLS0tLS0tLS0tLS0tLS0t
LS0tLS0tLS0tLS0tLS0tLS0tLSANClBIUFVuaXQgOS42LjExIGJ5IFNlYmFzdGlh
biBCZXJnbWFubiBhbmQgY29udHJpYnV0b3JzLgoKLi4uLi5GLi4gICAgICAgICAg
ICAgICAgICAgICAgICAgICAgICAgICAgICAgICAgICAgICAgICAgICAgICAgICAg
ICA4IC8gOCAoMTAwJSkNCg0KVGltZTogMDA6MDAuNjYzLCBNZW1vcnk6IDI2LjAw
IE1CDQoNClRoZXJlIHdhcyAxIGZhaWx1cmU6CgoxKSBUZXN0c1xGZWF0dXJlXFVz
ZXJTdG9yaWVzVGVzdDo6dGVzdF9SRVE5X1Byb2R1Y3RFZGl0SGFzRGlzY291bnQK
RmFpbGVkIGFzc2VydGluZyB0aGF0ICc8IURPQ1RZUEUgaHRtbD5cbgo8aHRtbCBs
YW5nPSJlbiI+XG4KPGhlYWQ+XG4KICAgIDxtZXRhIGNoYXJzZXQ9InV0Zi04Ij5c
bgogICAgPG1ldGEgaHR0cC1lcXVpdj0iWC1VQS1Db21wYXRpYmxlIiBjb250ZW50
PSJJRT1lZGdlIj5cbgogICAgPG1ldGEgbmFtZT0idmlld3BvcnQiIGNvbnRlbnQ9
IndpZHRoPWRldmljZS13aWR0aCwgaW5pdGlhbC1zY2FsZT0xIj5cbgpcbgogICAg
PCEtLSBDU1JGIFRva2VuIC0tPlxuCiAgICA8bWV0YSBuYW1lPSJjc3JmLXRva2Vu
IiBjb250ZW50PSJ3WmkzSEZ1bzZUeHBGRk5Lb0hQeVVpMHJ5czJ2bTlHQU5xNnRY
S0hKIj5cbgpcbgogICAgPHRpdGxlPkFud2FyIEFncmljaDwvdGl0bGU+XG4KXG4K
ICAgIDwhLS0gU3R5bGVzIC0tPlxuCiAgICA8bGluayByZWw9InN0eWxlc2hlZXQi
IGhyZWY9Imh0dHBzOi8vc3RhY2twYXRoLmJvb3RzdHJhcGNkbi5jb20vYm9vdHN0
cmFwLzQuMy4xL2Nzcy9ib290c3RyYXAubWluLmNzcyIgaW50ZWdyaXR5PSJzaGEz
ODQtZ2dPeVIwaVhDYk1RdjNYaXBtYTM0TUQrZEgvMWZRNzg0L2o2Y1kvaUpUUVVP
aGNXcjd4OUp2b1J4VDJNWncxVCIgY3Jvc3NvcmlnaW49ImFub255bW91cyI+XG4K
ICAgIDxsaW5rIHJlbD0ic3R5bGVzaGVldCIgaHJlZj0iaHR0cDovL2xvY2FsaG9z
dC9jc3MvYXBwLmNzcyI+XG4KICAgIDxzY3JpcHQgc3JjPSIvL1s6OjFdOjUxNzMv
anMvYXBwLmpzIj48L3NjcmlwdD5cbgo8L2hlYWQ+XG4KPGJvZHk+XG4KICAgIDxu
YXYgY2xhc3M9Im5hdmJhciBuYXZiYXItZXhwYW5kLWxnIG5hdmJhci1kYXJrIGJn
LXN1Y2Nlc3MgZC1mbGV4IGp1c3RpZnktY29udGVudC1iZXR3ZWVuIj5cbgogICAg
ICAgIDxkaXYgY2xhc3M9ImNvbnRhaW5lciI+XG4KICAgICAgICAgICAgPGEgaHJl
Zj0iaHR0cDovL2xvY2FsaG9zdC9hZG1pbiIgY2xhc3M9Im5hdmJhci1icmFuZCI+
V2lua2VsPC9hPlxuCiAgICAgICAgICAgIDx1bCBjbGFzcz0ibmF2YmFyLW5hdiI+
XG4KICAgICAgICAgICAgICAgIDxsaSBjbGFzcz0ibmF2LWl0ZW0iPlxuCiAgICAg
ICAgICAgICAgICAgICAgPGEgY2xhc3M9Im5hdi1saW5rIiBocmVmPSJodHRwOi8v
bG9jYWxob3N0L2FkbWluL29yZGVycyI+QmVzdGVsbGluZ2VuPC9hPlxuCiAgICAg
ICAgICAgICAgICA8L2xpPlxuCiAgICAgICAgICAgICAgICA8bGkgY2xhc3M9Im5h
di1pdGVtIj5cbgogICAgICAgICAgICAgICAgICAgIDxhIGNsYXNzPSJuYXYtbGlu
ayIgaHJlZj0iaHR0cDovL2xvY2FsaG9zdC9hZG1pbi9wcm9kdWN0cyI+UHJvZHVj
dGVuPC9hPlxuCiAgICAgICAgICAgICAgICA8L2xpPlxuCiAgICAgICAgICAgICAg
ICA8bGkgY2xhc3M9Im5hdi1pdGVtIj5cbgogICAgICAgICAgICAgICAgICAgIDxh
IGNsYXNzPSJuYXYtbGluayIgaHJlZj0iaHR0cDovL2xvY2FsaG9zdC9hZG1pbi9j
YXRlZ29yaWVzIj5DYXRlZ29yaWXDq248L2E+XG4KICAgICAgICAgICAgICAgIDwv
bGk+XG4KICAgICAgICAgICAgICAgIDxsaSBjbGFzcz0ibmF2LWl0ZW0iPlxuCiAg
ICAgICAgICAgICAgICAgICAgPGEgY2xhc3M9Im5hdi1saW5rIiBocmVmPSJodHRw
Oi8vbG9jYWxob3N0L2FkbWluL3VzZXJzIj5BY2NvdW50czwvYT5cbgogICAgICAg
ICAgICAgICAgPC9saT5cbgogICAgICAgICAgICA8L3VsPlxuCiAgICAgICAgPC9k
aXY+XG4KICAgIDwvbmF2PlxuClxuCiAgICA8ZGl2IGNsYXNzPSJtYWluIj5cbgog
ICAgICAgIDxkaXYgY2xhc3M9ImNvbnRhaW5lciBtdC00Ij5cbgpcbgogICAgICAg
ICAgICBcbgogICAgICAgICAgICBcbgogICAgICAgICAgICBcbgo8ZGl2IGNsYXNz
PSJkLWZsZXggYWxpZ24taXRlbXMtY2VudGVyIGZsZXgtY29sdW1uIG15LTUiPlxu
ClxuCiAgICA8Zm9ybSBhY3Rpb249Imh0dHA6Ly9sb2NhbGhvc3QvYWRtaW4vcHJv
ZHVjdHMvNCIgbWV0aG9kPSJQT1NUIiBzdHlsZT0ibWluLXdpZHRoOiAzMjBweDsi
IGVuY3R5cGU9Im11bHRpcGFydC9mb3JtLWRhdGEiPlxuClxuCiAgICAgICAgPGg0
PlByb2R1Y3QgYWFucGFzc2VuPC9oND5cbgpcbgogICAgICAgIDxkaXYgY2xhc3M9
ImZvcm0tZ3JvdXAiPlxuCiAgICAgICAgICAgIDxsYWJlbCBmb3I9InRpdGxlIj5U
aXRlbDwvbGFiZWw+XG4KICAgICAgICAgICAgPGlucHV0IHR5cGU9InRleHQiIGlk
PSJ0aXRsZSIgbmFtZT0idGl0bGUiIGNsYXNzPSJmb3JtLWNvbnRyb2wiIHZhbHVl
PSJULXNoaXJ0IHN0YWZsZWRlbiI+XG4KICAgICAgICA8L2Rpdj5cbgogICAgICAg
IDxkaXYgY2xhc3M9ImZvcm0tZ3JvdXAiPlxuCiAgICAgICAgICAgIDxsYWJlbCBm
b3I9InByaWNlIj5QcmlqczwvbGFiZWw+XG4KICAgICAgICAgICAgPGRpdiBjbGFz
cz0iaW5wdXQtZ3JvdXAgbWItMiI+XG4KICAgICAgICAgICAgICAgIDxkaXYgY2xh
c3M9ImlucHV0LWdyb3VwLXByZXBlbmQiPlxuCiAgICAgICAgICAgICAgICAgICAg
PGRpdiBjbGFzcz0iaW5wdXQtZ3JvdXAtdGV4dCI+JmV1cm87PC9kaXY+XG4KICAg
ICAgICAgICAgICAgIDwvZGl2PlxuCiAgICAgICAgICAgICAgICA8aW5wdXQgdHlw
ZT0idGV4dCIgY2xhc3M9ImZvcm0tY29udHJvbCIgaWQ9ImRpc2NvdW50ZWRfcHJp
Y2UiIG5hbWU9ImRpc2NvdW50ZWRfcHJpY2UiIHZhbHVlPSIxNi4wMCI+XG4KICAg
ICAgICAgICAgPC9kaXY+XG4KICAgICAgICA8L2Rpdj5cbgpcbgogICAgICAgIDxk
aXYgY2xhc3M9ImZvcm0tZ3JvdXAiPlxuCiAgICAgICAgICAgIDxsYWJlbCBmb3I9
ImRpc2NvdW50Ij5Lb3J0aW5nc3BlcmNlbnRhZ2UgKCUpPC9sYWJlbD5cbgogICAg
ICAgICAgICA8aW5wdXQgdHlwZT0ibnVtYmVyIiBtaW49IjAiIG1heD0iMTAwIiBp
ZD0iZGlzY291bnQiIG5hbWU9ImRpc2NvdW50IiBjbGFzcz0iZm9ybS1jb250cm9s
Ij5cbgogICAgICAgIDwvZGl2PlxuClxuClxuClxuCjwvZGl2PlxuClxuClxuCjwv
ZGl2PlxuCjxkaXYgY2xhc3M9ImZvcm0tZ3JvdXAgbXktNCI+XG4KICAgIDxkaXYg
Y2xhc3M9ImZvcm0tY2hlY2sgZm9ybS1jaGVjay1pbmxpbmUiPlxuCiAgICAgICAg
PGlucHV0IGNsYXNzPSJmb3JtLWNoZWNrLWlucHV0IiB0eXBlPSJyYWRpbyIgbmFt
ZT0iYWN0aXZlIiBpZD0iYWN0aXZlMSIgdmFsdWU9IjEiICBjaGVja2VkID5cbgog
ICAgICAgIDxsYWJlbCBjbGFzcz0iZm9ybS1jaGVjay1sYWJlbCIgZm9yPSJhY3Rp
dmUxIj5aaWNodGJhYXI8L2xhYmVsPlxuCiAgICA8L2Rpdj5cbgogICAgPGRpdiBj
bGFzcz0iZm9ybS1jaGVjayBmb3JtLWNoZWNrLWlubGluZSI+XG4KICAgICAgICA8
aW5wdXQgY2xhc3M9ImZvcm0tY2hlY2staW5wdXQiIHR5cGU9InJhZGlvIiBuYW1l
PSJhY3RpdmUiIGlkPSJhY3RpdmUwIiB2YWx1ZT0iMCIgPlxuCiAgICAgICAgPGxh
YmVsIGNsYXNzPSJmb3JtLWNoZWNrLWxhYmVsIiBmb3I9ImFjdGl2ZTAiPk9uemlj
aHRiYWFyPC9sYWJlbD5cbgogICAgPC9kaXY+XG4KPC9kaXY+XG4KPGRpdiBjbGFz
cz0iZm9ybS1ncm91cCBteS00Ij5cbgogICAgPGRpdiBjbGFzcz0iZm9ybS1jaGVj
ayBmb3JtLWNoZWNrLWlubGluZSI+XG4KICAgICAgICA8aW5wdXQgY2xhc3M9ImZv
cm0tY2hlY2staW5wdXQiIHR5cGU9InJhZGlvIiBuYW1lPSJsZWlkaW5nIiBpZD0i
bGVpZGluZzEiIHZhbHVlPSIxIiAgY2hlY2tlZCA+XG4KICAgICAgICA8bGFiZWwg
Y2xhc3M9ImZvcm0tY2hlY2stbGFiZWwiIGZvcj0ibGVpZGluZzEiPkxlaWRpbmc8
L2xhYmVsPlxuCiAgICA8L2Rpdj5cbgogICAgPGRpdiBjbGFzcz0iZm9ybS1jaGVj
ayBmb3JtLWNoZWNrLWlubGluZSI+XG4KICAgICAgICA8aW5wdXQgY2xhc3M9ImZv
cm0tY2hlY2staW5wdXQiIHR5cGU9InJhZGlvIiBuYW1lPSJsZWlkaW5nIiBpZD0i
bGVpZGluZzAiIHZhbHVlPSIwIiA+XG4KICAgICAgICA8bGFiZWwgY2xhc3M9ImZv
cm0tY2hlY2stbGFiZWwiIGZvcj0ibGVpZGluZzAiPkxlZGVuIGVuIGxlaWRpbmc8
L2xhYmVsPlxuCiAgICA8L2Rpdj5cbgo8L2Rpdj5cbgo8ZGl2IGNsYXNzPSJmb3Jt
LWdyb3VwIj5cbgogICAgPGlucHV0IHR5cGU9ImZpbGUiIGlkPSJpbWFnZSIgbmFt
ZT0iaW1hZ2UiIGFjY2VwdD0iaW1hZ2UvcG5nLCBpbWFnZS9qcGVnIj5cbgo8L2Rp
dj5cbgpcbgo8ZGl2IGNsYXNzPSJmb3JtLWdyb3VwIj5cbgogICAgPGxhYmVsIGZv
cj0iZGVzY3JpcHRpb24iPkJlc2NocmlqdmluZzwvbGFiZWw+XG4KICAgIDx0ZXh0
YXJlYSBuYW1lPSJkZXNjcmlwdGlvbiIgaWQ9ImRlc2NyaXB0aW9uIiBjb2xzPSIz
MCIgcm93cz0iNSIgY2xhc3M9ImZvcm0tY29udHJvbCI+VC1zaGlydCB2YW4gaG9n
ZSBrd2FsaXRlaXQuIExvZ28gdm9vciBvcCBkZSBib3JzdCBlbiBoYW5kamVzIG9w
IGRlIHJ1Zy48L3RleHRhcmVhPlxuCjwvZGl2PlxuCjxkaXYgY2xhc3M9ImZvcm0t
Z3JvdXAiPlxuCiAgICA8bGFiZWwgZm9yPSJjYXRlZ29yeV9pZCI+Q2F0ZWdvcmll
PC9sYWJlbD5cbgogICAgPHNlbGVjdCBuYW1lPSJjYXRlZ29yeV9pZCIgaWQ9ImNh
dGVnb3J5X2lkIiBjbGFzcz0iZm9ybS1jb250cm9sIj5cbgogICAgICAgICAgICAg
ICAgPG9wdGlvbiB2YWx1ZT0iMSIgIHNlbGVjdGVkID5ULXNoaXJ0PC9vcHRpb24+
XG4KICAgICAgICAgICAgICAgIDxvcHRpb24gdmFsdWU9IjIiID50ZXN0PC9vcHRp
b24+XG4KICAgICAgICAgICAgPC9zZWxlY3Q+XG4KPC9kaXY+XG4KXG4KXG4KPGJ1
dHRvbiB0eXBlPSJzdWJtaXQiIGNsYXNzPSJmb3JtLWNvbnRyb2wgYnRuIGJ0bi1w
cmltYXJ5IG15LTIiPk9wc2xhYW48L2J1dHRvbj5cbgo8aW5wdXQgdHlwZT0iaGlk
ZGVuIiBuYW1lPSJfdG9rZW4iIHZhbHVlPSJ3WmkzSEZ1bzZUeHBGRk5Lb0hQeVVp
MHJ5czJ2bTlHQU5xNnRYS0hKIj5cbgo8aW5wdXQgdHlwZT0iaGlkZGVuIiBuYW1l
PSJfbWV0aG9kIiB2YWx1ZT0iUEFUQ0giPlxuCjwvZm9ybT5cbgo8Zm9ybSBhY3Rp
b249Imh0dHA6Ly9sb2NhbGhvc3QvYWRtaW4vcHJvZHVjdHMvNCIgbWV0aG9kPSJQ
T1NUIj5cbgogICAgPGJ1dHRvbiB0eXBlPSJzdWJtaXQiIGNsYXNzPSJmb3JtLWNv
bnRyb2wgYnRuIGJ0bi1vdXRsaW5lLWRhbmdlciI+VmVyd2lqZGVyZW48L2J1dHRv
bj5cbgogICAgPGlucHV0IHR5cGU9ImhpZGRlbiIgbmFtZT0iX3Rva2VuIiB2YWx1
ZT0id1ppM0hGdW82VHhwRkZOS29IUHlVaTByeXMydm05R0FOcTZ0WEtISiI+XG4K
ICAgIDxpbnB1dCB0eXBlPSJoaWRkZW4iIG5hbWU9Il9tZXRob2QiIHZhbHVlPSJE
RUxFVEUiPlxuCjwvZm9ybT5cbgo8L2Rpdj5cbgpcbgogICAgICAgIDwvZGl2Plxu
CiAgICA8L2Rpdj5cbgpcbgogICAgPC9ib2R5PlxuCjwvaHRtbD5cbgonIGNvbnRh
aW5zICIxMC4wIi4KCkM6XFVzZXJzXGFud2FyX205dnNtNXdcT25lRHJpdmVcRG9j
dW1lbnRlblxzY2hvb2xcQmxvayBDXFdlYlw0U2hvcFx2ZW5kb3JcbGFyYXZlbFxm
cmFtZXdvcmtcc3JjXElsbHVtaW5hdGVcVGVzdGluZ1xUZXN0UmVzcG9uc2UucGhw
OjUyNwpDOlxVc2Vyc1xhbndhcl9tOXZzbTV3XE9uZURyaXZlXERvY3VtZW50ZW5c
c2Nob29sXEJsb2sgQ1xXZWJcNFNob3BcdGVzdHNcRmVhdHVyZVxVc2VyU3Rvcmll
c1Rlc3QucGhwOjcyCgpGQUlMVVJFUyENClRlc3RzOiA4LCBBc3NlcnRpb25zOiAx
NywgRmFpbHVyZXM6IDEuDQo=
-----END CERTIFICATE-----
